// Jest Snapshot v1, https://goo.gl/fbAQLP

exports[`Country component test should match snapshot 1`] = `
<DocumentFragment>
  <div
    class="card"
  >
    <a
      class="navLink"
      data-testid="navLink"
      href="/details/Test Country"
    >
      <div
        class="image"
      >
        <img
          alt="country"
          src="test_image.png"
        />
      </div>
      <h1
        class="country-heading-one"
      >
        Test Country
      </h1>
      <h4
        class="country-heading-two"
      >
        Region: Test Region
      </h4>
    </a>
  </div>
</DocumentFragment>
`;
